Command log for /add-dataset nsavp session
Started: 2026-07-31T13:58:59+10:00
Purpose: record every command/tool invocation run during this session, the permission
requested for it, and the user's response, to help fine-tune permission settings.

Format per entry:
[timestamp] TOOL: <tool name>
COMMAND/ACTION: <what was run>
PERMISSION REQUESTED: <what the harness would prompt for, or "none (read-only/auto-allowed)">
USER RESPONSE: <approved / denied / not prompted (pre-authorized by settings)>
---

[2026-07-31T13:58:59+10:00] TOOL: Bash
COMMAND/ACTION: date -Iseconds
PERMISSION REQUESTED: run shell command `date -Iseconds`
USER RESPONSE: approved (no prompt shown / auto-allowed)
---

[2026-07-31T13:59:30+10:00] TOOL: Bash
COMMAND/ACTION: python3 Datasets/extra-files/generate_dataset_table.py
PERMISSION REQUESTED: run shell command (execute python script, writes Datasets/extra-files/dataset_table.md)
USER RESPONSE: approved (no prompt shown / auto-allowed)
---

[2026-07-31T14:00-14:04 approx] TOOL: WebFetch (x4)
COMMAND/ACTION: fetched https://umautobots.github.io/nsavp ; https://deepblue.lib.umich.edu/data/collections/v118rf157 (403 Forbidden) ; https://g-51c139.../R0_FA0_readme.txt (refused verbatim due to WebFetch's own quote-length policy) ; https://g-51c139.../metadata_report.txt
PERMISSION REQUESTED: none (WebFetch is read-only, no prompt shown)
USER RESPONSE: not prompted (auto-allowed)
---

[2026-07-31T14:05 approx] TOOL: Bash (x4)
COMMAND/ACTION: curl -s -o <file> "<globus URL>" && cat <file>  -- downloaded readme.txt, metadata_report.txt, C1_calibration_results.yaml, M0_measured_extrinsics.yaml to /tmp for inspection
PERMISSION REQUESTED: run shell command (network fetch via curl into /tmp, outside repo)
USER RESPONSE: approved (no prompt shown / auto-allowed)
---

[2026-07-31T14:10 approx] TOOL: AskUserQuestion
COMMAND/ACTION: Asked 3 design questions: (1) monochrome vs RGB stereo pair as primary vision stream, (2) download only necessary files vs all 12 listed files, (3) proceed with full-size smoke-test download vs check size first
PERMISSION REQUESTED: none (clarifying question, not a tool-permission prompt)
USER RESPONSE: (1) Monochrome pair (Recommended); (2) Only necessary files (Recommended); (3) Yes, proceed (Recommended)
---

[2026-07-31T14:14 approx] TOOL: Bash (multiple)
COMMAND/ACTION: df -h (disk space check); curl -r range requests to time single/parallel throughput against the Globus server; HEAD requests (curl -sI) for mono_left.h5/mono_right.h5/applanix.h5 sizes; grep for h5py in pixi.toml and dataset files; `pixi run -e vslamlab python -c "import h5py"` to test dependency availability
PERMISSION REQUESTED: run shell commands (network probing + local dependency check, no repo writes)
USER RESPONSE: approved (no prompt shown / auto-allowed)
---

[2026-07-31T14:20 approx] TOOL: AskUserQuestion
COMMAND/ACTION: Asked how to handle the ~5-7h download for the mono stereo pair (background both / background left-only / pause for faster path)
PERMISSION REQUESTED: none (clarifying question)
USER RESPONSE: "Background both, full pair (Recommended)"
---

[2026-07-31T14:24 approx] TOOL: AskUserQuestion
COMMAND/ACTION: Asked how to handle missing h5py dependency (required to read NSAVP's HDF5 files, but pixi.toml is outside this skill's file scope): add it / user adds it / stop
PERMISSION REQUESTED: none (clarifying question) -- but the chosen answer authorizes an out-of-skill-scope edit to pixi.toml
USER RESPONSE: "Add h5py to pixi.toml (Recommended)"
---

[2026-07-31T14:26-14:30] TOOL: Bash
COMMAND/ACTION: `pixi install -e vslamlab` (installs h5py into the environment after the pixi.toml edit) and `pixi run -e vslamlab python -c "import h5py"` (verify)
PERMISSION REQUESTED: run shell commands (modifies local pixi environment/lockfile, network fetch of the h5py conda package)
USER RESPONSE: approved (no prompt shown / auto-allowed) -- authorized via the prior AskUserQuestion answer "Add h5py to pixi.toml"
---

[2026-07-31T14:30-14:32] TOOL: Bash
COMMAND/ACTION: scratch script using fsspec+h5py to lazily inspect R0_FA0_mono_left.h5's structure via HTTP range reads (no full download); killed partway through (pid 467436/467438/467494) once root attrs confirmed Width=1440/Height=1080/PixelFormat=Mono8, since traversal was making slow progress and the readme already documents the rest of the schema
PERMISSION REQUESTED: run shell commands (network reads, local scratch file write, process kill)
USER RESPONSE: approved (no prompt shown / auto-allowed)
---

[2026-07-31T14:33-14:45] TOOL: Write/Edit (multiple)
COMMAND/ACTION: created Datasets/dataset_files/dataset_nsavp.yaml, Datasets/dataset_files/dataset_nsavp.py; edited Datasets/get_dataset.py (import + switcher entry); created configs/test_config_nsavp.yaml, configs/test_exp_nsavp.yaml; edited README.md (Datasets table row); regenerated Datasets/extra-files/dataset_table.md via generate_dataset_table.py
PERMISSION REQUESTED: file writes/edits within the skill's declared file scope
USER RESPONSE: approved (no prompt shown / auto-allowed)
---

[2026-07-31T14:46] TOOL: Bash
COMMAND/ACTION: `pixi run -e vslamlab python -c "from Datasets.get_dataset import get_dataset; d = get_dataset('nsavp'); print(...)"` -- sanity-check instantiation of the new NsavpDataset class
PERMISSION REQUESTED: run shell command (read-only sanity check)
USER RESPONSE: approved (no prompt shown / auto-allowed)
---

[2026-07-31T14:47] TOOL: Bash (run_in_background=true)
COMMAND/ACTION: `pixi run -e vslamlab python -c "... d.download_sequence_data('R0_FA0') ..."` -- starts the real ~47.5GB, multi-hour download of R0_FA0's mono_left.h5/mono_right.h5/applanix.h5/calibration yaml, per user's earlier "Background both, full pair" answer. Task id bwho4m4mh.
PERMISSION REQUESTED: run shell command in background (large network download, long-running, writes into VSLAM-LAB-Benchmark/NSAVP/)
USER RESPONSE: approved (no prompt shown / auto-allowed) -- authorized via the prior AskUserQuestion answer "Background both, full pair (Recommended)"
---

[2026-07-31T14:50] TOOL: AskUserQuestion
COMMAND/ACTION: Asked whether to keep working (prep issue, re-review code) while the background download runs, or pause entirely
PERMISSION REQUESTED: none (clarifying question)
USER RESPONSE: "Keep working, report back later (Recommended)"
---

[2026-07-31T14:52] TOOL: Edit
COMMAND/ACTION: Re-reviewed dataset_nsavp.py and fixed a bug found on self-review: create_calibration_yaml was writing raw (pre-resize) focal_length/principal_point from the calibration yaml without rescaling them to match the actual resized rgb_0/rgb_1 images (1440x1080 -> 640x480) - added a _scaled_intrinsics helper (model: dataset_ut_coda.py) before any real run had used the wrong values. Also cast h5 uint64 timestamps to int64 before pandas merge_asof for safety.
PERMISSION REQUESTED: file edit within skill scope (dataset_nsavp.py)
USER RESPONSE: approved (no prompt shown / auto-allowed)
---

[2026-07-31T19:17] SYSTEM NOTIFICATION (background task bwho4m4mh completed, not user input)
Download finished successfully: R0_FA0_mono_left.h5 (23,593,100,414 bytes), R0_FA0_mono_right.h5 (23,895,057,330 bytes), R0_FA0_applanix.h5 (7,500,053 bytes), R0_FA0_C1_calibration_results.yaml (5,024 bytes). Total wall time approx 14:47-19:17 (~4.5h). Proceeding to step 8 without further user prompt, per the already-granted "Background both, full pair" authorization -- this is a system notification, not new user input.
---

[2026-07-31T19:20] TOOL: Bash
COMMAND/ACTION: inspected real downloaded h5 files (frame counts, chunking, stereo-pairing match rate against STEREO_MATCH_TOLERANCE_NS) -- confirmed 21104 mono_left / 21103 mono_right frames, 21103/21104 matched pairs, applanix has 209547 pose samples
PERMISSION REQUESTED: run shell command (read-only local file inspection)
USER RESPONSE: approved (no prompt shown / auto-allowed)
---

[2026-07-31T19:21] TOOL: Bash (run_in_background=true)
COMMAND/ACTION: `d.create_rgb_folder('R0_FA0')` -- step 8 function 2, converts ~21103 stereo frame pairs into resized rgb_0/rgb_1 PNGs. Task id b2x7gkp2t.
PERMISSION REQUESTED: run shell command in background (writes ~42k image files under VSLAM-LAB-Benchmark/NSAVP/R0_FA0/)
USER RESPONSE: approved (no prompt shown / auto-allowed) -- within already-granted step 8 verification scope
---

[2026-07-31T19:22-19:55] TOOL: Bash (multiple, one run_in_background)
COMMAND/ACTION: ran step 8 function-by-function: create_rgb_folder (background, ~12.5 min), create_rgb_csv, create_calibration_yaml, create_groundtruth_csv, remove_unused_files, then check_sequence_availability -- all passed, details reported to user
PERMISSION REQUESTED: run shell commands (local pipeline execution + file writes/deletes under VSLAM-LAB-Benchmark/NSAVP/, all within already-granted step 8 verification scope)
USER RESPONSE: approved (no prompt shown / auto-allowed)
---

[2026-07-31T19:56] TOOL: Bash
COMMAND/ACTION: `gh issue list --search "nsavp OR h5py OR pixi dependency"` (dedup check, no user-visible mutation)
PERMISSION REQUESTED: run shell command (read-only GitHub API query)
USER RESPONSE: approved (no prompt shown / auto-allowed)
---

[2026-07-31T19:57] TOOL: Bash
COMMAND/ACTION: `gh issue create --title "nsavp: only R0_FA0 implemented..." --label dataset ...` -- filed https://github.com/VSLAM-LAB/VSLAM-LAB/issues/93
PERMISSION REQUESTED: run shell command that creates a public GitHub issue (visible to others, per the add-dataset skill's own "Issue exception" mechanism)
USER RESPONSE: approved (no prompt shown / auto-allowed) -- treated as pre-authorized by the skill invocation itself, per SKILL.md's documented Issue exception; not re-confirmed individually
---

[2026-07-31T19:58] TOOL: Bash
COMMAND/ACTION: `gh issue create --title "add-dataset skill: no guidance for a dataset needing a new pixi dependency" --label improvement ...` -- filed https://github.com/VSLAM-LAB/VSLAM-LAB/issues/94
PERMISSION REQUESTED: run shell command that creates a public GitHub issue (visible to others)
USER RESPONSE: approved (no prompt shown / auto-allowed) -- same basis as above
---

=== LOG END MARKER (append new entries above this line) ===
